Configurando o Git para comunição  direto da Maquina!
________________________________________________________________________________________________________________

CONFIGURANDO NOME E EMAIL NO GTI

$ git config --global user.name "AlanAlves"
$ git config --global user.email "alancristofer.s@gmail.com"

Criando a chave SSH para comunicação entre a Máquina e o Git

* Validando se pasta ja esta Criada no PC

$ cd ~/.ssh // o comando cd permite que possamos entrar em uma determinada pasta no PC
bash: cd: /c/Users/Alan Alves/.ssh: No such file or directory  // significa que a pasta não existe

Criando a chave SSH

$ ssh-keygen -o -t rsa -C "alancristofer.s@gmail.com"
Generating public/private rsa key pair.
Enter file in which to save the key (/c/Users/Alan Alves/.ssh/id_rsa):
Created directory '/c/Users/Alan Alves/.ssh'.
Enter passphrase for "/c/Users/Alan Alves/.ssh/id_rsa" (empty for no passphrase): // podemos colocar uma senha para acessar ou não
Enter same passphrase again:
Your identification has been saved in /c/Users/Alan Alves/.ssh/id_rsa
Your public key has been saved in /c/Users/Alan Alves/.ssh/id_rsa.pub
The key fingerprint is:
SHA256:XXX
The key's randomart image is:XXX

$ cat ~/.ssh/id_rsa.pub
ssh-rsa XXX  // basta copiar essa chave e adicionar no settings no GitHub para estabelecer a conexão

Entrando na pasta que iremos criar para o reposirório

Alan Alves@DESKTOP-IEAUR8N MINGW64 ~
$ cd C:/

Alan Alves@DESKTOP-IEAUR8N MINGW64 /c
$ cd Users

Alan Alves@DESKTOP-IEAUR8N MINGW64 /c/Users
$ cd GITHUB

Alan Alves@DESKTOP-IEAUR8N MINGW64 /c/Users/GITHUB
$ cd GitHub-Repositorio

Iniciando o repositório na Máquina

Alan Alves@DESKTOP-IEAUR8N MINGW64 /c/Users/GITHUB/GitHub-Repositorio
$ git init
Initialized empty Git repository in C:/Users/GITHUB/GitHub-Repositorio/.git/

CONECTANDO O REPOSITÓRIO DO GIT

$ git remote add origin git@github.com:AlanCSAlves/GitLearn.git

$ git remote -v // ESTE COMANDO PERMITE VERIFICAR SE ESTA TUDO OK
origin  git@github.com:AlanCSAlves/GitLearn.git (fetch)
origin  git@github.com:AlanCSAlves/GitLearn.git (push)


